** Drc report for G2_MPPC_Readout.kicad_pcb **
** Created on 2026-09-28T15:52:13 **
** Report includes: Errors **

** Found 13 DRC violations **
[solder_mask_bridge]: Front solder mask aperture bridges items with different nets
    Rule: board setup solder mask min width; error
    @(150.4000 mm, 96.6000 mm): Track [Net-(Q1-B)] on F.Cu, length 5.0000 mm
    @(150.4625 mm, 96.4500 mm): Pad 2 [Net-(Q1-E)] of Q1 on F.Cu
[solder_mask_bridge]: Front solder mask aperture bridges items with different nets
    Rule: board setup solder mask min width; error
    @(150.7000 mm, 96.6000 mm): Track [Net-(Q1-B)] on F.Cu, length 0.3000 mm
    @(150.4625 mm, 96.4500 mm): Pad 2 [Net-(Q1-E)] of Q1 on F.Cu
[solder_mask_bridge]: Front solder mask aperture bridges items with different nets
    Rule: board setup solder mask min width; error
    @(150.7000 mm, 89.6000 mm): Track [Net-(Q2-B)] on F.Cu, length 0.7000 mm
    @(150.4625 mm, 89.4500 mm): Pad 2 [Net-(Q1-C)] of Q2 on F.Cu
[solder_mask_bridge]: Front solder mask aperture bridges items with different nets
    Rule: board setup solder mask min width; error
    @(145.4000 mm, 89.6000 mm): Track [Net-(Q2-B)] on F.Cu, length 4.6000 mm
    @(150.4625 mm, 89.4500 mm): Pad 2 [Net-(Q1-C)] of Q2 on F.Cu
[solder_mask_bridge]: Front solder mask aperture bridges items with different nets
    Rule: board setup solder mask min width; error
    @(150.0000 mm, 89.6000 mm): Track [Net-(Q2-B)] on F.Cu, length 0.6000 mm
    @(150.4625 mm, 89.4500 mm): Pad 2 [Net-(Q1-C)] of Q2 on F.Cu
[shorting_items]: Items shorting two nets (nets Net-(Q2-B) and Net-(Q1-C))
    Local override; error
    @(150.7000 mm, 89.6000 mm): Track [Net-(Q2-B)] on F.Cu, length 0.7000 mm
    @(150.4625 mm, 89.4500 mm): Pad 2 [Net-(Q1-C)] of Q2 on F.Cu
[shorting_items]: Items shorting two nets (nets Net-(Q2-B) and Net-(Q1-C))
    Local override; error
    @(150.0000 mm, 89.6000 mm): Track [Net-(Q2-B)] on F.Cu, length 0.6000 mm
    @(150.4625 mm, 89.4500 mm): Pad 2 [Net-(Q1-C)] of Q2 on F.Cu
[clearance]: Clearance violation ( clearance 0.2000 mm; actual 0.1088 mm)
    Local override; error
    @(150.4625 mm, 88.1500 mm): Pad 1 [Net-(Q2-B)] of Q2 on F.Cu
    @(151.3500 mm, 88.0000 mm): Track [Net-(Q2-C)] on F.Cu, length 1.6500 mm
[shorting_items]: Items shorting two nets (nets Net-(Q1-B) and Net-(Q1-E))
    Local override; error
    @(150.7000 mm, 96.6000 mm): Track [Net-(Q1-B)] on F.Cu, length 0.3000 mm
    @(150.4625 mm, 96.4500 mm): Pad 2 [Net-(Q1-E)] of Q1 on F.Cu
[shorting_items]: Items shorting two nets (nets Net-(Q2-B) and Net-(Q1-C))
    Local override; error
    @(145.4000 mm, 89.6000 mm): Track [Net-(Q2-B)] on F.Cu, length 4.6000 mm
    @(150.4625 mm, 89.4500 mm): Pad 2 [Net-(Q1-C)] of Q2 on F.Cu
[clearance]: Clearance violation ( clearance 0.2000 mm; actual 0.0671 mm)
    Local override; error
    @(152.6000 mm, 96.6000 mm): Track [Net-(Q1-E)] on F.Cu, length 0.5657 mm
    @(152.2375 mm, 95.8000 mm): Pad 3 [Net-(Q1-C)] of Q1 on F.Cu
[clearance]: Clearance violation ( clearance 0.2000 mm; actual 0.1941 mm)
    Local override; error
    @(152.6000 mm, 89.6000 mm): Track [Net-(Q1-B)] on F.Cu, length 1.0000 mm
    @(152.2375 mm, 88.8000 mm): Pad 3 [Net-(Q2-C)] of Q2 on F.Cu
[shorting_items]: Items shorting two nets (nets Net-(Q1-E) and Net-(Q1-B))
    Local override; error
    @(150.4625 mm, 96.4500 mm): Pad 2 [Net-(Q1-E)] of Q1 on F.Cu
    @(150.4000 mm, 96.6000 mm): Track [Net-(Q1-B)] on F.Cu, length 5.0000 mm

** Found 5 unconnected pads **
[unconnected_items]: Missing connection between items
    Local override; error
    @(152.2375 mm, 88.8000 mm): Pad 3 [Net-(Q2-C)] of Q2 on F.Cu
    @(153.0000 mm, 88.0000 mm): Track [Net-(Q2-C)] on F.Cu, length 1.4142 mm
[unconnected_items]: Missing connection between items
    Local override; error
    @(150.4000 mm, 96.6000 mm): Track [Net-(Q1-B)] on F.Cu, length 5.0000 mm
    @(150.4625 mm, 95.1500 mm): Pad 1 [Net-(Q1-B)] of Q1 on F.Cu
[unconnected_items]: Missing connection between items
    Local override; error
    @(152.0000 mm, 96.6000 mm): Track [Net-(Q1-E)] on F.Cu, length 0.6000 mm
    @(150.4625 mm, 96.4500 mm): Pad 2 [Net-(Q1-E)] of Q1 on F.Cu
[unconnected_items]: Missing connection between items
    Local override; error
    @(150.4625 mm, 89.4500 mm): Pad 2 [Net-(Q1-C)] of Q2 on F.Cu
    @(152.2375 mm, 95.8000 mm): Pad 3 [Net-(Q1-C)] of Q1 on F.Cu
[unconnected_items]: Missing connection between items
    Local override; error
    @(150.7000 mm, 89.6000 mm): Track [Net-(Q2-B)] on F.Cu, length 0.7000 mm
    @(150.4625 mm, 88.1500 mm): Pad 1 [Net-(Q2-B)] of Q2 on F.Cu

** Found 0 Footprint errors **

** Ignored checks **
    - Footprint has no courtyard defined
    - Track endpoint not centered on via
    - Tuning profile track geometries
    - Footprint doesn't match symbol's footprint filters
    - Footprint component type doesn't match footprint pads

** End of Report **
